// Jest Snapshot v1, https://goo.gl/fbAQLP

exports[`<QuestionExcerpt /> Component should render children and match snapshot 1`] = `
ShallowWrapper {
  Symbol(enzyme.__root__): [Circular],
  Symbol(enzyme.__unrendered__): <QuestionExcerpt
    excerpt={
      Object {
        "choices": Array [
          Object {
            "choice": "Swift",
            "url": "/questions/1/choices/1",
            "votes": 2048,
          },
          Object {
            "choice": "Python",
            "url": "/questions/1/choices/2",
            "votes": 1024,
          },
          Object {
            "choice": "Objective-C",
            "url": "/questions/1/choices/3",
            "votes": 512,
          },
          Object {
            "choice": "Ruby",
            "url": "/questions/1/choices/4",
            "votes": 256,
          },
        ],
        "published_at": "2014-11-11T08:40:51.620Z",
        "question": "Favourite programming language?",
        "url": "/questions/1",
      }
    }
  />,
  Symbol(enzyme.__renderer__): Object {
    "batchedUpdates": [Function],
    "getNode": [Function],
    "render": [Function],
    "simulateError": [Function],
    "simulateEvent": [Function],
    "unmount": [Function],
  },
  Symbol(enzyme.__node__): Object {
    "instance": null,
    "key": undefined,
    "nodeType": "class",
    "props": Object {
      "children": Array [
        <p>
          Nov 11, 2014
        </p>,
        <p>
          4
           choice(s)
        </p>,
      ],
      "hoverable": true,
      "title": "Favourite programming language?",
    },
    "ref": null,
    "rendered": Array [
      Object {
        "instance": null,
        "key": undefined,
        "nodeType": "host",
        "props": Object {
          "children": "Nov 11, 2014",
        },
        "ref": null,
        "rendered": "Nov 11, 2014",
        "type": "p",
      },
      Object {
        "instance": null,
        "key": undefined,
        "nodeType": "host",
        "props": Object {
          "children": Array [
            4,
            " choice(s)",
          ],
        },
        "ref": null,
        "rendered": Array [
          4,
          " choice(s)",
        ],
        "type": "p",
      },
    ],
    "type": [Function],
  },
  Symbol(enzyme.__nodes__): Array [
    Object {
      "instance": null,
      "key": undefined,
      "nodeType": "class",
      "props": Object {
        "children": Array [
          <p>
            Nov 11, 2014
          </p>,
          <p>
            4
             choice(s)
          </p>,
        ],
        "hoverable": true,
        "title": "Favourite programming language?",
      },
      "ref": null,
      "rendered": Array [
        Object {
          "instance": null,
          "key": undefined,
          "nodeType": "host",
          "props": Object {
            "children": "Nov 11, 2014",
          },
          "ref": null,
          "rendered": "Nov 11, 2014",
          "type": "p",
        },
        Object {
          "instance": null,
          "key": undefined,
          "nodeType": "host",
          "props": Object {
            "children": Array [
              4,
              " choice(s)",
            ],
          },
          "ref": null,
          "rendered": Array [
            4,
            " choice(s)",
          ],
          "type": "p",
        },
      ],
      "type": [Function],
    },
  ],
  Symbol(enzyme.__options__): Object {
    "adapter": ReactSixteenAdapter {
      "options": Object {
        "enableComponentDidUpdateOnSetState": true,
        "lifecycles": Object {
          "componentDidUpdate": Object {
            "onSetState": true,
          },
          "getDerivedStateFromProps": true,
          "getSnapshotBeforeUpdate": true,
          "setState": Object {
            "skipsComponentDidUpdateOnNullish": true,
          },
        },
      },
    },
  },
}
`;
